<html>
<body>
<pre>
<h1>µVision Build Log</h1>
<h2>Tool Versions:</h2>
IDE-Version: µVision V5.39.0.0
Copyright (C) 2023 ARM Ltd and ARM Germany GmbH. All rights reserved.
License Information: Fatih Safa Özgür, csb, LIC=----
 
Tool Versions:
Toolchain:       MDK-Lite  Version: 5.39.0.0
Toolchain Path:  C:\Keil_v5\ARM\ARMCLANG\Bin
C Compiler:      ArmClang.exe V6.21
Assembler:       Armasm.exe V6.21
Linker/Locator:  ArmLink.exe V6.21
Library Manager: ArmAr.exe V6.21
Hex Converter:   FromElf.exe V6.21
CPU DLL:         SARMCM3.DLL V5.39.0.0
Dialog DLL:      DARMSTM.DLL V1.69.1.0
Target DLL:      UL2CM3.DLL V1.164.9.0
Dialog DLL:      TCM.DLL V1.56.4.0
 
<h2>Project:</h2>
C:\RTOS\rtos.uvprojx
Project File Date:  01/28/2024

<h2>Output:</h2>
*** Using Compiler 'V6.21', folder: 'C:\Keil_v5\ARM\ARMCLANG\Bin'
Build target 'Target 1'
main.c(1): warning: In file included from...
./rtos.h(5): warning: In file included from...
./bsp.h(7): warning: invalid UTF-8 in comment [-Winvalid-utf8]
    7 | /* Microislemciye <F6>zel t<FC>m fonksiyonlar BSP (Board Support Package) i<E7>erisinde tanimlaniyor, 
      |                   ^
./bsp.h(7): warning: invalid UTF-8 in comment [-Winvalid-utf8]
    7 | /* Microislemciye <F6>zel t<FC>m fonksiyonlar BSP (Board Support Package) i<E7>erisinde tanimlaniyor, 
      |                            ^
./bsp.h(7): warning: invalid UTF-8 in comment [-Winvalid-utf8]
    7 | /* Microislemciye <F6>zel t<FC>m fonksiyonlar BSP (Board Support Package) i<E7>erisinde tanimlaniyor, 
      |                                                                            ^
./bsp.h(8): warning: invalid UTF-8 in comment [-Winvalid-utf8]
    8 |         b<F6>ylelikle bu RTOS, baska bir mikroislemciye tasindiginda yalnizca bu fonksiyonlara ait kod bloklari (bsp.c)
      |          ^
./bsp.h(16): warning: no newline at end of file [-Wnewline-eof]
   16 | #endif  /* __BSP_H_ */
      |                       ^
main.c(1): warning: In file included from...
./rtos.h(17): warning: invalid UTF-8 in comment [-Winvalid-utf8]
   17 | typedef void (*RTOS_ThreadHandler)(void);                /* Bir altta yer alan fonksiyonda, arg<FC>man olarak fonsiyon adresi(threadHandler) yollayacagimiz i<E7>in bunu tanimladik */
      |                                                                                                ^
./rtos.h(17): warning: invalid UTF-8 in comment [-Winvalid-utf8]
   17 | typedef void (*RTOS_ThreadHandler)(void);                /* Bir altta yer alan fonksiyonda, arg<FC>man olarak fonsiyon adresi(threadHandler) yollayacagimiz i<E7>in bunu tanimladik */
      |                                                                                                                                                              ^
./rtos.h(21): warning: invalid UTF-8 in comment [-Winvalid-utf8]
   21 | void RTOS_ThreadSwitch(void);           /* Schedule islemini yaparak bir sonraki <E7>alistirilacak Thread 'i belirleyen fonksiyon */
      |                                                                                  ^
./rtos.h(27): warning: invalid UTF-8 in comment [-Winvalid-utf8]
   27 | void RTOS_delay(uint32_t delay);                /* Thread 'lere delay atayan ve aninda devreden <E7>ikaran fonksiyon */
      |                                                                                                 ^
./rtos.h(29): warning: no newline at end of file [-Wnewline-eof]
   29 | #endif  /* __RTOS_H_ */
      |                        ^
main.c(6): warning: invalid UTF-8 in comment [-Winvalid-utf8]
    6 |         Multi Thread olarak <E7>alisan, bu Thread leri <F6>ncelik sirasina (priority level) g<F6>re <E7>alistiran,
      |                             ^
main.c(6): warning: invalid UTF-8 in comment [-Winvalid-utf8]
    6 |         Multi Thread olarak <E7>alisan, bu Thread leri <F6>ncelik sirasina (priority level) g<F6>re <E7>alistiran,
      |                                                        ^
main.c(6): warning: invalid UTF-8 in comment [-Winvalid-utf8]
    6 |         Multi Thread olarak <E7>alisan, bu Thread leri <F6>ncelik sirasina (priority level) g<F6>re <E7>alistiran,
      |                                                                                              ^
main.c(6): warning: invalid UTF-8 in comment [-Winvalid-utf8]
    6 |         Multi Thread olarak <E7>alisan, bu Thread leri <F6>ncelik sirasina (priority level) g<F6>re <E7>alistiran,
      |                                                                                                     ^
main.c(9): warning: invalid UTF-8 in comment [-Winvalid-utf8]
    9 |         Diger Thread 'ler <E7>alismazken devrede olan Idle_Thread yardimiyla g<FC><E7> tasarrufu modu <E7>alistirilarak verimli bir sistem
      |                           ^
main.c(9): warning: invalid UTF-8 in comment [-Winvalid-utf8]
    9 |         Diger Thread 'ler <E7>alismazken devrede olan Idle_Thread yardimiyla g<FC><E7> tasarrufu modu <E7>alistirilarak verimli bir sistem
      |                                                                               ^
main.c(9): warning: invalid UTF-8 in comment [-Winvalid-utf8]
    9 |         Diger Thread 'ler <E7>alismazken devrede olan Idle_Thread yardimiyla g<FC><E7> tasarrufu modu <E7>alistirilarak verimli bir sistem
      |                                                                                                       ^
main.c(10): warning: invalid UTF-8 in comment [-Winvalid-utf8]
   10 |         tasarlanabilecek iken, g<F6>rsel olarak hangi Thread 'in devrede oldugu g<F6>r<FC>lebilsin diye Idle Thread ve diger Thread 'lerin
      |                                 ^
main.c(10): warning: invalid UTF-8 in comment [-Winvalid-utf8]
   10 |         tasarlanabilecek iken, g<F6>rsel olarak hangi Thread 'in devrede oldugu g<F6>r<FC>lebilsin diye Idle Thread ve diger Thread 'lerin
      |                                                                                  ^
main.c(10): warning: invalid UTF-8 in comment [-Winvalid-utf8]
   10 |         tasarlanabilecek iken, g<F6>rsel olarak hangi Thread 'in devrede oldugu g<F6>r<FC>lebilsin diye Idle Thread ve diger Thread 'lerin
      |                                                                                       ^
main.c(11): warning: invalid UTF-8 in comment [-Winvalid-utf8]
   11 |         kod bloklarina count degiskenleri verilerek sistem <E7>alismasi g<F6>zlemlenebilir hale getirilmistir.
      |                                                            ^
main.c(11): warning: invalid UTF-8 in comment [-Winvalid-utf8]
   11 |         kod bloklarina count degiskenleri verilerek sistem <E7>alismasi g<F6>zlemlenebilir hale getirilmistir.
      |                                                                          ^
main.c(18): warning: invalid UTF-8 in comment [-Winvalid-utf8]
   18 |         degerini degistirmek ile olur. Stack Pointer i manupile edebilmenin tek yolu Assembly kodlari oldugu i<E7>in bu islem i<E7>in Assembly dili kullanilacaktir.
      |                                                                                                               ^
main.c(18): warning: invalid UTF-8 in comment [-Winvalid-utf8]
   18 |         degerini degistirmek ile olur. Stack Pointer i manupile edebilmenin tek yolu Assembly kodlari oldugu i<E7>in bu islem i<E7>in Assembly dili kullanilacaktir.
      |                                                                                                                                ^
main.c(20): warning: invalid UTF-8 in comment [-Winvalid-utf8]
   20 |         Context-Switching islemi Systick_Handler i<E7>erisinde degil, Systick_Handler tarafindan tetiklenen PendSV exceptionu ile PendSV_Handler i<E7>erisinde yapilacaktir. 
      |                                                   ^
main.c(20): warning: invalid UTF-8 in comment [-Winvalid-utf8]
   20 |         Context-Switching islemi Systick_Handler i<E7>erisinde degil, Systick_Handler tarafindan tetiklenen PendSV exceptionu ile PendSV_Handler i<E7>erisinde yapilacaktir. 
      |                                                                                                                                                   ^
main.c(21): warning: invalid UTF-8 in comment [-Winvalid-utf8]
   21 |         Bunun nedenleri; Systick_Handler pek <E7>ok ama<E7> i<E7>in kullanilir, biz ise context-switching islemini bazen otomatik switch islemlerinde bazen de herhangi bir anda 
      |                                              ^
main.c(21): warning: invalid UTF-8 in comment [-Winvalid-utf8]
   21 |         Bunun nedenleri; Systick_Handler pek <E7>ok ama<E7> i<E7>in kullanilir, biz ise context-switching islemini bazen otomatik switch islemlerinde bazen de herhangi bir anda 
      |                                                        ^
main.c(21): warning: invalid UTF-8 in comment [-Winvalid-utf8]
   21 |         Bunun nedenleri; Systick_Handler pek <E7>ok ama<E7> i<E7>in kullanilir, biz ise context-switching islemini bazen otomatik switch islemlerinde bazen de herhangi bir anda 
      |                                                              ^
main.c(22): warning: invalid UTF-8 in comment [-Winvalid-utf8]
   22 |         bir Thread in s<FC>resi dolmussa onu manuel olara devreden <E7>ikarmak i<E7>in context-switching islemi yapmamiz gerekebilir. Bu durumda Systick 'i manuel devreye alirsak beklenmeyen
      |                        ^
main.c(22): warning: invalid UTF-8 in comment [-Winvalid-utf8]
   22 |         bir Thread in s<FC>resi dolmussa onu manuel olara devreden <E7>ikarmak i<E7>in context-switching islemi yapmamiz gerekebilir. Bu durumda Systick 'i manuel devreye alirsak beklenmeyen
      |                                                                    ^
main.c(22): warning: invalid UTF-8 in comment [-Winvalid-utf8]
   22 |         bir Thread in s<FC>resi dolmussa onu manuel olara devreden <E7>ikarmak i<E7>in context-switching islemi yapmamiz gerekebilir. Bu durumda Systick 'i manuel devreye alirsak beklenmeyen
      |                                                                                 ^
main.c(23): warning: invalid UTF-8 in comment [-Winvalid-utf8]
   23 |         sonu<E7>lar olabilir. <D6>rnegin 1ms de bir devreye girerek bir<E7>ok uygulamayla ilgili islemler yapan ya da delay saglayan SysTick_Handler 'i, s<FC>resi dolan Thread 'i devreden <E7>ikarmak i<E7>in <E7>agirirsak
      |             ^
main.c(23): warning: invalid UTF-8 in comment [-Winvalid-utf8]
   23 |         sonu<E7>lar olabilir. <D6>rnegin 1ms de bir devreye girerek bir<E7>ok uygulamayla ilgili islemler yapan ya da delay saglayan SysTick_Handler 'i, s<FC>resi dolan Thread 'i devreden <E7>ikarmak i<E7>in <E7>agirirsak
      |                               ^
main.c(23): warning: invalid UTF-8 in comment [-Winvalid-utf8]
   23 |         sonu<E7>lar olabilir. <D6>rnegin 1ms de bir devreye girerek bir<E7>ok uygulamayla ilgili islemler yapan ya da delay saglayan SysTick_Handler 'i, s<FC>resi dolan Thread 'i devreden <E7>ikarmak i<E7>in <E7>agirirsak
      |                                                                        ^
main.c(23): warning: invalid UTF-8 in comment [-Winvalid-utf8]
   23 |         sonu<E7>lar olabilir. <D6>rnegin 1ms de bir devreye girerek bir<E7>ok uygulamayla ilgili islemler yapan ya da delay saglayan SysTick_Handler 'i, s<FC>resi dolan Thread 'i devreden <E7>ikarmak i<E7>in <E7>agirirsak
      |                                                                                                                                                           ^
main.c(23): warning: invalid UTF-8 in comment [-Winvalid-utf8]
   23 |         sonu<E7>lar olabilir. <D6>rnegin 1ms de bir devreye girerek bir<E7>ok uygulamayla ilgili islemler yapan ya da delay saglayan SysTick_Handler 'i, s<FC>resi dolan Thread 'i devreden <E7>ikarmak i<E7>in <E7>agirirsak
      |                                                                                                                                                                                             ^
main.c(23): warning: invalid UTF-8 in comment [-Winvalid-utf8]
   23 |         sonu<E7>lar olabilir. <D6>rnegin 1ms de bir devreye girerek bir<E7>ok uygulamayla ilgili islemler yapan ya da delay saglayan SysTick_Handler 'i, s<FC>resi dolan Thread 'i devreden <E7>ikarmak i<E7>in <E7>agirirsak
      |                                                                                                                                                                                                          ^
main.c(23): warning: invalid UTF-8 in comment [-Winvalid-utf8]
   23 |         sonu<E7>lar olabilir. <D6>rnegin 1ms de bir devreye girerek bir<E7>ok uygulamayla ilgili islemler yapan ya da delay saglayan SysTick_Handler 'i, s<FC>resi dolan Thread 'i devreden <E7>ikarmak i<E7>in <E7>agirirsak
      |                                                                                                                                                                                                                 ^
main.c(24): warning: invalid UTF-8 in comment [-Winvalid-utf8]
   24 |         bu SysTick_Handlerin fazladan devreye girip, i<E7>erisinde yer alan ve diger Thread 'lere islem yapan kodlarin fazladan <E7>alismasina ya da sayma i<E7>in kullanilan bir degiskenin 
      |                                                       ^
main.c(24): warning: invalid UTF-8 in comment [-Winvalid-utf8]
   24 |         bu SysTick_Handlerin fazladan devreye girip, i<E7>erisinde yer alan ve diger Thread 'lere islem yapan kodlarin fazladan <E7>alismasina ya da sayma i<E7>in kullanilan bir degiskenin 
      |                                                                                                                                 ^
main.c(24): warning: invalid UTF-8 in comment [-Winvalid-utf8]
   24 |         bu SysTick_Handlerin fazladan devreye girip, i<E7>erisinde yer alan ve diger Thread 'lere islem yapan kodlarin fazladan <E7>alismasina ya da sayma i<E7>in kullanilan bir degiskenin 
      |                                                                                                                                                             ^
main.c(25): warning: invalid UTF-8 in comment [-Winvalid-utf8]
   25 |         degerinin fazladan degistirilmesine sebep olacagi asikardir, bu sebeple sadece context-switching i<E7>in ayri bir Interrup_Handler (PendSV_Handler) kullanmali, 
      |                                                                                                           ^
main.c(26): warning: invalid UTF-8 in comment [-Winvalid-utf8]
   26 |         SysTick_Handleri ise Thread lerin blocking s<FC>relerini saymada, s<FC>resi biten varsa gerekli islemleri yapmada ve diger Thread ler i<E7>in bagimsiz islemleri yapmada kullanabiliriz.
      |                                                     ^
main.c(26): warning: invalid UTF-8 in comment [-Winvalid-utf8]
   26 |         SysTick_Handleri ise Thread lerin blocking s<FC>relerini saymada, s<FC>resi biten varsa gerekli islemleri yapmada ve diger Thread ler i<E7>in bagimsiz islemleri yapmada kullanabiliriz.
      |                                                                            ^
main.c(26): warning: invalid UTF-8 in comment [-Winvalid-utf8]
   26 |         SysTick_Handleri ise Thread lerin blocking s<FC>relerini saymada, s<FC>resi biten varsa gerekli islemleri yapmada ve diger Thread ler i<E7>in bagimsiz islemleri yapmada kullanabiliriz.
      |                                                                                                                                                ^
main.c(29): warning: invalid UTF-8 in comment [-Winvalid-utf8]
   29 |         Ayrica m<FC>mk<FC>nse bir Interrup_Handler i<E7>erisinde sadece 1 dil kullanilmalidir(pure language) SysTick_Handler i<E7>erisinde C dili kullaniliyorsa biz Assembly dili 
      |                 ^
main.c(29): warning: invalid UTF-8 in comment [-Winvalid-utf8]
   29 |         Ayrica m<FC>mk<FC>nse bir Interrup_Handler i<E7>erisinde sadece 1 dil kullanilmalidir(pure language) SysTick_Handler i<E7>erisinde C dili kullaniliyorsa biz Assembly dili 
      |                       ^
main.c(29): warning: invalid UTF-8 in comment [-Winvalid-utf8]
   29 |         Ayrica m<FC>mk<FC>nse bir Interrup_Handler i<E7>erisinde sadece 1 dil kullanilmalidir(pure language) SysTick_Handler i<E7>erisinde C dili kullaniliyorsa biz Assembly dili 
      |                                                     ^
main.c(29): warning: invalid UTF-8 in comment [-Winvalid-utf8]
   29 |         Ayrica m<FC>mk<FC>nse bir Interrup_Handler i<E7>erisinde sadece 1 dil kullanilmalidir(pure language) SysTick_Handler i<E7>erisinde C dili kullaniliyorsa biz Assembly dili 
      |                                                                                                                               ^
main.c(30): warning: invalid UTF-8 in comment [-Winvalid-utf8]
   30 |         i<E7>in baska bir interrupt (PendSV) kullanmaliyiz. <D6>zellikle PendSV se<E7>memizin sebebi ise; islemci <FC>reticilerinin bu interrupt i RTOS i<E7>in kullanilmak <FC>zere olusturmus
      |          ^
main.c(30): warning: invalid UTF-8 in comment [-Winvalid-utf8]
   30 |         i<E7>in baska bir interrupt (PendSV) kullanmaliyiz. <D6>zellikle PendSV se<E7>memizin sebebi ise; islemci <FC>reticilerinin bu interrupt i RTOS i<E7>in kullanilmak <FC>zere olusturmus
      |                                                             ^
main.c(30): warning: invalid UTF-8 in comment [-Winvalid-utf8]
   30 |         i<E7>in baska bir interrupt (PendSV) kullanmaliyiz. <D6>zellikle PendSV se<E7>memizin sebebi ise; islemci <FC>reticilerinin bu interrupt i RTOS i<E7>in kullanilmak <FC>zere olusturmus
      |                                                                                   ^
main.c(30): warning: invalid UTF-8 in comment [-Winvalid-utf8]
   30 |         i<E7>in baska bir interrupt (PendSV) kullanmaliyiz. <D6>zellikle PendSV se<E7>memizin sebebi ise; islemci <FC>reticilerinin bu interrupt i RTOS i<E7>in kullanilmak <FC>zere olusturmus
      |                                                                                                                   ^
main.c(30): warning: invalid UTF-8 in comment [-Winvalid-utf8]
   30 |         i<E7>in baska bir interrupt (PendSV) kullanmaliyiz. <D6>zellikle PendSV se<E7>memizin sebebi ise; islemci <FC>reticilerinin bu interrupt i RTOS i<E7>in kullanilmak <FC>zere olusturmus
      |                                                                                                                                                          ^
main.c(30): warning: invalid UTF-8 in comment [-Winvalid-utf8]
   30 |         i<E7>in baska bir interrupt (PendSV) kullanmaliyiz. <D6>zellikle PendSV se<E7>memizin sebebi ise; islemci <FC>reticilerinin bu interrupt i RTOS i<E7>in kullanilmak <FC>zere olusturmus
      |                                                                                                                                                                             ^
main.c(31): warning: invalid UTF-8 in comment [-Winvalid-utf8]
   31 |   olmasi ve buna ayri hi<E7>bir g<F6>rev y<FC>klemememis olmalaridir. DataSheet inceledndiginde bunun RTOS i<E7>in kullanilmasinin uygun oldugunun yazilmis oldugu g<F6>r<FC>lebilir
      |                         ^
main.c(31): warning: invalid UTF-8 in comment [-Winvalid-utf8]
   31 |   olmasi ve buna ayri hi<E7>bir g<F6>rev y<FC>klemememis olmalaridir. DataSheet inceledndiginde bunun RTOS i<E7>in kullanilmasinin uygun oldugunun yazilmis oldugu g<F6>r<FC>lebilir
      |                                  ^
main.c(31): warning: invalid UTF-8 in comment [-Winvalid-utf8]
   31 |   olmasi ve buna ayri hi<E7>bir g<F6>rev y<FC>klemememis olmalaridir. DataSheet inceledndiginde bunun RTOS i<E7>in kullanilmasinin uygun oldugunun yazilmis oldugu g<F6>r<FC>lebilir
      |                                           ^
main.c(31): warning: invalid UTF-8 in comment [-Winvalid-utf8]
   31 |   olmasi ve buna ayri hi<E7>bir g<F6>rev y<FC>klemememis olmalaridir. DataSheet inceledndiginde bunun RTOS i<E7>in kullanilmasinin uygun oldugunun yazilmis oldugu g<F6>r<FC>lebilir
      |                                                                                                             ^
main.c(31): warning: invalid UTF-8 in comment [-Winvalid-utf8]
   31 |   olmasi ve buna ayri hi<E7>bir g<F6>rev y<FC>klemememis olmalaridir. DataSheet inceledndiginde bunun RTOS i<E7>in kullanilmasinin uygun oldugunun yazilmis oldugu g<F6>r<FC>lebilir
      |                                                                                                                                                                     ^
main.c(31): warning: invalid UTF-8 in comment [-Winvalid-utf8]
   31 |   olmasi ve buna ayri hi<E7>bir g<F6>rev y<FC>klemememis olmalaridir. DataSheet inceledndiginde bunun RTOS i<E7>in kullanilmasinin uygun oldugunun yazilmis oldugu g<F6>r<FC>lebilir
      |                                                                                                                                                                          ^
main.c(39): warning: no previous extern declaration for non-static variable 'count' [-Wmissing-variable-declarations]
   39 | uint32_t count = 0u;
      |          ^
main.c(39): note: declare 'static' if the variable is not intended to be used outside of this translation unit
   39 | uint32_t count = 0u;
      | ^
main.c(40): warning: no previous extern declaration for non-static variable 'count1' [-Wmissing-variable-declarations]
   40 | uint32_t count1 = 0u;
      |          ^
main.c(40): note: declare 'static' if the variable is not intended to be used outside of this translation unit
   40 | uint32_t count1 = 0u;
      | ^
main.c(41): warning: no previous extern declaration for non-static variable 'count2' [-Wmissing-variable-declarations]
   41 | uint32_t count2 = 0u;
      |          ^
main.c(41): note: declare 'static' if the variable is not intended to be used outside of this translation unit
   41 | uint32_t count2 = 0u;
      | ^
main.c(47): warning: invalid UTF-8 in comment [-Winvalid-utf8]
   47 | uint32_t idleThread_stack[32];                          /* 32 adet 32 bitlik verinin atanabilecegi bir Stack Bellek olusturduk, ARM'in "8 byte boundary" <F6>zelligi sebebiyle 8'in kati olan bellek se<E7>ildi */
      |                                                                                                                                                          ^
main.c(47): warning: invalid UTF-8 in comment [-Winvalid-utf8]
   47 | uint32_t idleThread_stack[32];                          /* 32 adet 32 bitlik verinin atanabilecegi bir Stack Bellek olusturduk, ARM'in "8 byte boundary" <F6>zelligi sebebiyle 8'in kati olan bellek se<E7>ildi */
      |                                                                                                                                                                                                        ^
main.c(53): warning: invalid UTF-8 in comment [-Winvalid-utf8]
   53 |                 /* IdleThread i<E7>erisinde <E7>alistirilacak kodlar "Power Safer" g<F6>revi g<F6>ren kodlar olabilir, <E7><FC>nk<FC> hi<E7>bir
      |                                ^
main.c(53): warning: invalid UTF-8 in comment [-Winvalid-utf8]
   53 |                 /* IdleThread i<E7>erisinde <E7>alistirilacak kodlar "Power Safer" g<F6>revi g<F6>ren kodlar olabilir, <E7><FC>nk<FC> hi<E7>bir
      |                                             ^
main.c(53): warning: invalid UTF-8 in comment [-Winvalid-utf8]
   53 |                 /* IdleThread i<E7>erisinde <E7>alistirilacak kodlar "Power Safer" g<F6>revi g<F6>ren kodlar olabilir, <E7><FC>nk<FC> hi<E7>bir
      |                                                                                     ^
main.c(53): warning: invalid UTF-8 in comment [-Winvalid-utf8]
   53 |                 /* IdleThread i<E7>erisinde <E7>alistirilacak kodlar "Power Safer" g<F6>revi g<F6>ren kodlar olabilir, <E7><FC>nk<FC> hi<E7>bir
      |                                                                                               ^
main.c(53): warning: invalid UTF-8 in comment [-Winvalid-utf8]
   53 |                 /* IdleThread i<E7>erisinde <E7>alistirilacak kodlar "Power Safer" g<F6>revi g<F6>ren kodlar olabilir, <E7><FC>nk<FC> hi<E7>bir
      |                                                                                                                        ^
main.c(53): warning: invalid UTF-8 in comment [-Winvalid-utf8]
   53 |                 /* IdleThread i<E7>erisinde <E7>alistirilacak kodlar "Power Safer" g<F6>revi g<F6>ren kodlar olabilir, <E7><FC>nk<FC> hi<E7>bir
      |                                                                                                                                  ^
main.c(53): warning: invalid UTF-8 in comment [-Winvalid-utf8]
   53 |                 /* IdleThread i<E7>erisinde <E7>alistirilacak kodlar "Power Safer" g<F6>revi g<F6>ren kodlar olabilir, <E7><FC>nk<FC> hi<E7>bir
      |                                                                                                                                         ^
main.c(54): warning: invalid UTF-8 in comment [-Winvalid-utf8]
   54 |                                 Thread <E7>alismazken biz IdleThread i devreye alacagiz, kisacasi islemci zamaninin <E7>ok b<FC>y<FC>k b<F6>l<FC>m<FC>n<FC> burda ge<E7>irecek.
      |                                        ^
main.c(54): warning: invalid UTF-8 in comment [-Winvalid-utf8]
   54 |                                 Thread <E7>alismazken biz IdleThread i devreye alacagiz, kisacasi islemci zamaninin <E7>ok b<FC>y<FC>k b<F6>l<FC>m<FC>n<FC> burda ge<E7>irecek.
      |                                                                                                                     ^
main.c(54): warning: invalid UTF-8 in comment [-Winvalid-utf8]
   54 |                                 Thread <E7>alismazken biz IdleThread i devreye alacagiz, kisacasi islemci zamaninin <E7>ok b<FC>y<FC>k b<F6>l<FC>m<FC>n<FC> burda ge<E7>irecek.
      |                                                                                                                             ^
main.c(54): warning: invalid UTF-8 in comment [-Winvalid-utf8]
   54 |                                 Thread <E7>alismazken biz IdleThread i devreye alacagiz, kisacasi islemci zamaninin <E7>ok b<FC>y<FC>k b<F6>l<FC>m<FC>n<FC> burda ge<E7>irecek.
      |                                                                                                                                  ^
main.c(54): warning: invalid UTF-8 in comment [-Winvalid-utf8]
   54 |                                 Thread <E7>alismazken biz IdleThread i devreye alacagiz, kisacasi islemci zamaninin <E7>ok b<FC>y<FC>k b<F6>l<FC>m<FC>n<FC> burda ge<E7>irecek.
      |                                                                                                                                         ^
main.c(54): warning: invalid UTF-8 in comment [-Winvalid-utf8]
   54 |                                 Thread <E7>alismazken biz IdleThread i devreye alacagiz, kisacasi islemci zamaninin <E7>ok b<FC>y<FC>k b<F6>l<FC>m<FC>n<FC> burda ge<E7>irecek.
      |                                                                                                                                              ^
main.c(54): warning: invalid UTF-8 in comment [-Winvalid-utf8]
   54 |                                 Thread <E7>alismazken biz IdleThread i devreye alacagiz, kisacasi islemci zamaninin <E7>ok b<FC>y<FC>k b<F6>l<FC>m<FC>n<FC> burda ge<E7>irecek.
      |                                                                                                                                                   ^
main.c(54): warning: invalid UTF-8 in comment [-Winvalid-utf8]
   54 |                                 Thread <E7>alismazken biz IdleThread i devreye alacagiz, kisacasi islemci zamaninin <E7>ok b<FC>y<FC>k b<F6>l<FC>m<FC>n<FC> burda ge<E7>irecek.
      |                                                                                                                                                        ^
main.c(54): warning: invalid UTF-8 in comment [-Winvalid-utf8]
   54 |                                 Thread <E7>alismazken biz IdleThread i devreye alacagiz, kisacasi islemci zamaninin <E7>ok b<FC>y<FC>k b<F6>l<FC>m<FC>n<FC> burda ge<E7>irecek.
      |                                                                                                                                                                     ^
main.c(55): warning: invalid UTF-8 in comment [-Winvalid-utf8]
   55 |                                 Ancak, g<F6>zlemlenebilsin diye simdilik bir degiskeni arttirmak i<E7>in kullaniyoruz.
      |                                         ^
main.c(55): warning: invalid UTF-8 in comment [-Winvalid-utf8]
   55 |                                 Ancak, g<F6>zlemlenebilsin diye simdilik bir degiskeni arttirmak i<E7>in kullaniyoruz.
      |                                                                                                   ^
main.c(49): warning: no previous prototype for function 'main_IdleThread' [-Wmissing-prototypes]
   49 | void main_IdleThread(void)
      |      ^
main.c(49): note: declare 'static' if the function is not intended to be used outside of this translation unit
   49 | void main_IdleThread(void)
      | ^
      | static 
main.c(50): warning: function 'main_IdleThread' could be declared with attribute 'noreturn' [-Wmissing-noreturn]
   50 | {
      | ^
main.c(66): warning: invalid UTF-8 in comment [-Winvalid-utf8]
   66 | uint32_t thread1_stack[32];                                  /* 32 adet 32 bitlik verinin atanabilecegi bir Stack Bellek olusturduk, ARM'in "8 byte boundary" <F6>zelligi sebebiyle 8'in kati olan bellek se<E7>ildi */
      |                                                                                                                                                               ^
main.c(66): warning: invalid UTF-8 in comment [-Winvalid-utf8]
   66 | uint32_t thread1_stack[32];                                  /* 32 adet 32 bitlik verinin atanabilecegi bir Stack Bellek olusturduk, ARM'in "8 byte boundary" <F6>zelligi sebebiyle 8'in kati olan bellek se<E7>ildi */
      |                                                                                                                                                                                                             ^
main.c(69): warning: function 'main_Thread1' could be declared with attribute 'noreturn' [-Wmissing-noreturn]
   69 | {
      | ^
main.c(80): warning: invalid UTF-8 in comment [-Winvalid-utf8]
   80 | uint32_t thread2_stack[32];                                             /* 32 adet 32 bitlik verinin atanabilecegi bir Stack Bellek olusturduk, ARM'in "8 byte boundary" <F6>zelligi sebebiyle 8'in kati olan bellek se<E7>ildi */
      |                                                                                                                                                                          ^
main.c(80): warning: invalid UTF-8 in comment [-Winvalid-utf8]
   80 | uint32_t thread2_stack[32];                                             /* 32 adet 32 bitlik verinin atanabilecegi bir Stack Bellek olusturduk, ARM'in "8 byte boundary" <F6>zelligi sebebiyle 8'in kati olan bellek se<E7>ildi */
      |                                                                                                                                                                                                                        ^
main.c(83): warning: function 'main_Thread2' could be declared with attribute 'noreturn' [-Wmissing-noreturn]
   83 | {
      | ^
main.c(97): warning: a function declaration without a prototype is deprecated in all versions of C [-Wstrict-prototypes]
   97 | int main ()
      |          ^
      |           void
main.c(102): warning: invalid UTF-8 in comment [-Winvalid-utf8]
  102 |         /* Ilk olusturulan Thread mutlaka IdleThread olmali, tasarim buna g<F6>re yapilmistir */
      |                                                                            ^
main.c(1): warning: In file included from...
./rtos.h(13): warning: padding struct 'RTOS_Thread' with 3 bytes to align 'delay' [-Wpadded]
   13 |         uint32_t delay; /* Delay verildigi taktirde bu degiskene atanacak */
      |                  ^
main.c(109): warning: invalid UTF-8 in comment [-Winvalid-utf8]
  109 |         Configuration();                                                                                                                                                /* Systick <F6>zellikle burada baslatildiki, direk baslatilsaydi devreye girdigi anda daha main() i<E7>erisinde olan
      |                                                                                                                                                                                    ^
main.c(109): warning: invalid UTF-8 in comment [-Winvalid-utf8]
  109 |         Configuration();                                                                                                                                                /* Systick <F6>zellikle burada baslatildiki, direk baslatilsaydi devreye girdigi anda daha main() i<E7>erisinde olan
      |                                                                                                                                                                                                                                                                            ^
main.c(111): warning: invalid UTF-8 in comment [-Winvalid-utf8]
  111 |                                                                                                                                                                                                                         <E7>alisilacak ve kalan kodlarin <E7>alistirilmasi i<E7>in main() e geri d<F6>n<FC>s saglanamayacakti. Bu sebeple t<FC>m ayarlar
      |                                                                                                                                                                                                                         ^
main.c(111): warning: invalid UTF-8 in comment [-Winvalid-utf8]
  111 |                                                                                                                                                                                                                         <E7>alisilacak ve kalan kodlarin <E7>alistirilmasi i<E7>in main() e geri d<F6>n<FC>s saglanamayacakti. Bu sebeple t<FC>m ayarlar
      |                                                                                                                                                                                                                                                          ^
main.c(111): warning: invalid UTF-8 in comment [-Winvalid-utf8]
  111 |                                                                                                                                                                                                                         <E7>alisilacak ve kalan kodlarin <E7>alistirilmasi i<E7>in main() e geri d<F6>n<FC>s saglanamayacakti. Bu sebeple t<FC>m ayarlar
      |                                                                                                                                                                                                                                                                             ^
main.c(111): warning: invalid UTF-8 in comment [-Winvalid-utf8]
  111 |                                                                                                                                                                                                                         <E7>alisilacak ve kalan kodlarin <E7>alistirilmasi i<E7>in main() e geri d<F6>n<FC>s saglanamayacakti. Bu sebeple t<FC>m ayarlar
      |                                                                                                                                                                                                                                                                                                   ^
main.c(111): warning: invalid UTF-8 in comment [-Winvalid-utf8]
  111 |                                                                                                                                                                                                                         <E7>alisilacak ve kalan kodlarin <E7>alistirilmasi i<E7>in main() e geri d<F6>n<FC>s saglanamayacakti. Bu sebeple t<FC>m ayarlar
      |                                                                                                                                                                                                                                                                                                        ^
main.c(111): warning: invalid UTF-8 in comment [-Winvalid-utf8]
  111 |                                                                                                                                                                                                                         <E7>alisilacak ve kalan kodlarin <E7>alistirilmasi i<E7>in main() e geri d<F6>n<FC>s saglanamayacakti. Bu sebeple t<FC>m ayarlar
      |                                                                                                                                                                                                                                                                                                                                            ^
main.c(112): warning: invalid UTF-8 in comment [-Winvalid-utf8]
  112 |                                                                                                                                                                                                                         yapildiktan ve t<FC>m Thread ler olusturulduktan sonra SysTick devreye alinmistir */
      |                                                                                                                                                                                                                                         ^
main.c(117): warning: invalid UTF-8 in comment [-Winvalid-utf8]
  117 |         __disable_irq();                                                                                                                                                /* Olusabilecek Race-Conditions durumunun <F6>n<FC>ne ge<E7>mek i<E7>in interruptlari kapattik */
      |                                                                                                                                                                                                                   ^
main.c(117): warning: invalid UTF-8 in comment [-Winvalid-utf8]
  117 |         __disable_irq();                                                                                                                                                /* Olusabilecek Race-Conditions durumunun <F6>n<FC>ne ge<E7>mek i<E7>in interruptlari kapattik */
      |                                                                                                                                                                                                                        ^
main.c(117): warning: invalid UTF-8 in comment [-Winvalid-utf8]
  117 |         __disable_irq();                                                                                                                                                /* Olusabilecek Race-Conditions durumunun <F6>n<FC>ne ge<E7>mek i<E7>in interruptlari kapattik */
      |                                                                                                                                                                                                                                 ^
main.c(117): warning: invalid UTF-8 in comment [-Winvalid-utf8]
  117 |         __disable_irq();                                                                                                                                                /* Olusabilecek Race-Conditions durumunun <F6>n<FC>ne ge<E7>mek i<E7>in interruptlari kapattik */
      |                                                                                                                                                                                                                                          ^
main.c(125): warning: invalid UTF-8 in comment [-Winvalid-utf8]
  125 | /* while (1) seklinde bir d<F6>ng<FC>ye ihtiya<E7> kalmamistir <E7><FC>nk<FC> yukarida context-switching islemi baslatilmistir, haliyle bir daha main() in bu satirina d<F6>n<FC>lemeyecektir */
      |                            ^
main.c(125): warning: invalid UTF-8 in comment [-Winvalid-utf8]
  125 | /* while (1) seklinde bir d<F6>ng<FC>ye ihtiya<E7> kalmamistir <E7><FC>nk<FC> yukarida context-switching islemi baslatilmistir, haliyle bir daha main() in bu satirina d<F6>n<FC>lemeyecektir */
      |                                  ^
main.c(125): warning: invalid UTF-8 in comment [-Winvalid-utf8]
  125 | /* while (1) seklinde bir d<F6>ng<FC>ye ihtiya<E7> kalmamistir <E7><FC>nk<FC> yukarida context-switching islemi baslatilmistir, haliyle bir daha main() in bu satirina d<F6>n<FC>lemeyecektir */
      |                                               ^
main.c(125): warning: invalid UTF-8 in comment [-Winvalid-utf8]
  125 | /* while (1) seklinde bir d<F6>ng<FC>ye ihtiya<E7> kalmamistir <E7><FC>nk<FC> yukarida context-switching islemi baslatilmistir, haliyle bir daha main() in bu satirina d<F6>n<FC>lemeyecektir */
      |                                                                ^
main.c(125): warning: invalid UTF-8 in comment [-Winvalid-utf8]
  125 | /* while (1) seklinde bir d<F6>ng<FC>ye ihtiya<E7> kalmamistir <E7><FC>nk<FC> yukarida context-switching islemi baslatilmistir, haliyle bir daha main() in bu satirina d<F6>n<FC>lemeyecektir */
      |                                                                          ^
main.c(125): warning: invalid UTF-8 in comment [-Winvalid-utf8]
  125 | /* while (1) seklinde bir d<F6>ng<FC>ye ihtiya<E7> kalmamistir <E7><FC>nk<FC> yukarida context-switching islemi baslatilmistir, haliyle bir daha main() in bu satirina d<F6>n<FC>lemeyecektir */
      |                                                                                                                                                                         ^
main.c(125): warning: invalid UTF-8 in comment [-Winvalid-utf8]
  125 | /* while (1) seklinde bir d<F6>ng<FC>ye ihtiya<E7> kalmamistir <E7><FC>nk<FC> yukarida context-switching islemi baslatilmistir, haliyle bir daha main() in bu satirina d<F6>n<FC>lemeyecektir */
      |                                                                                                                                                                              ^
main.c(47): warning: no previous extern declaration for non-static variable 'idleThread_stack' [-Wmissing-variable-declarations]
   47 | uint32_t idleThread_stack[32];                          /* 32 adet 32 bitlik verinin atanabilecegi bir Stack Bellek olusturduk, ARM'in "8 byte boundary" <F6>zelligi sebebiyle 8'in kati olan bellek se<E7>ildi */
      |          ^
main.c(47): note: declare 'static' if the variable is not intended to be used outside of this translation unit
   47 | uint32_t idleThread_stack[32];                          /* 32 adet 32 bitlik verinin atanabilecegi bir Stack Bellek olusturduk, ARM'in "8 byte boundary" <F6>zelligi sebebiyle 8'in kati olan bellek se<E7>ildi */
      | ^
main.c(48): warning: no previous extern declaration for non-static variable 'idleThread' [-Wmissing-variable-declarations]
   48 | RTOS_Thread idleThread;
      |             ^
main.c(48): note: declare 'static' if the variable is not intended to be used outside of this translation unit
   48 | RTOS_Thread idleThread;
      | ^
main.c(66): warning: no previous extern declaration for non-static variable 'thread1_stack' [-Wmissing-variable-declarations]
   66 | uint32_t thread1_stack[32];                                  /* 32 adet 32 bitlik verinin atanabilecegi bir Stack Bellek olusturduk, ARM'in "8 byte boundary" <F6>zelligi sebebiyle 8'in kati olan bellek se<E7>ildi */
      |          ^
main.c(66): note: declare 'static' if the variable is not intended to be used outside of this translation unit
   66 | uint32_t thread1_stack[32];                                  /* 32 adet 32 bitlik verinin atanabilecegi bir Stack Bellek olusturduk, ARM'in "8 byte boundary" <F6>zelligi sebebiyle 8'in kati olan bellek se<E7>ildi */
      | ^
main.c(67): warning: no previous extern declaration for non-static variable 'thread1' [-Wmissing-variable-declarations]
   67 | RTOS_Thread thread1;
      |             ^
main.c(67): note: declare 'static' if the variable is not intended to be used outside of this translation unit
   67 | RTOS_Thread thread1;
      | ^
main.c(80): warning: no previous extern declaration for non-static variable 'thread2_stack' [-Wmissing-variable-declarations]
   80 | uint32_t thread2_stack[32];                                             /* 32 adet 32 bitlik verinin atanabilecegi bir Stack Bellek olusturduk, ARM'in "8 byte boundary" <F6>zelligi sebebiyle 8'in kati olan bellek se<E7>ildi */
      |          ^
main.c(80): note: declare 'static' if the variable is not intended to be used outside of this translation unit
   80 | uint32_t thread2_stack[32];                                             /* 32 adet 32 bitlik verinin atanabilecegi bir Stack Bellek olusturduk, ARM'in "8 byte boundary" <F6>zelligi sebebiyle 8'in kati olan bellek se<E7>ildi */
      | ^
main.c(81): warning: no previous extern declaration for non-static variable 'thread2' [-Wmissing-variable-declarations]
   81 | RTOS_Thread thread2;
      |             ^
main.c(81): note: declare 'static' if the variable is not intended to be used outside of this translation unit
   81 | RTOS_Thread thread2;
      | ^
122 warnings generated.
compiling main.c...
linking...
Program Size: Code=1842 RO-data=442 RW-data=4 ZI-data=2216  
".\Objects\rtos.axf" - 0 Error(s), 122 Warning(s).

<h2>Software Packages used:</h2>

Package Vendor: ARM
                https://www.keil.com/pack/ARM.CMSIS.6.0.0.pack
                ARM::CMSIS@6.0.0
                CMSIS (Common Microcontroller Software Interface Standard)
   * Component: CORE Version: 6.0.0

Package Vendor: ARM
                https://www.keil.com/pack/ARM.CMSIS-Compiler.2.0.0.pack
                ARM::CMSIS-Compiler@2.0.0
                CMSIS Compiler extensions for Arm Compiler, GCC, Clang, and IAR Compiler
   * Component: CORE Version: 1.0.0

Package Vendor: Keil
                https://www.keil.com/pack/Keil.STM32F4xx_DFP.2.17.1.pack
                Keil::STM32F4xx_DFP@2.17.1
                STMicroelectronics STM32F4 Series Device Support, Drivers and Examples
   * Component: Startup Version: 2.6.3

<h2>Collection of Component include folders:</h2>
  ./RTE/_Target_1
  C:/Users/iclal/AppData/Local/Arm/Packs/ARM/CMSIS/6.0.0/CMSIS/Core/Include
  C:/Users/iclal/AppData/Local/Arm/Packs/Keil/STM32F4xx_DFP/2.17.1/Drivers/CMSIS/Device/ST/STM32F4xx/Include

<h2>Collection of Component Files used:</h2>

   * Component: ARM::CMSIS-Compiler:CORE@1.0.0
      Source file:   source/armcc/retarget_io.c

   * Component: ARM::CMSIS:CORE@6.0.0

   * Component: Keil::Device:Startup@2.6.3
      Source file:   MDK/Device/Source/ARM/STM32F40xxx_41xxx_OPT.s
      Source file:   MDK/Device/Source/ARM/STM32F4xx_OTP.s
      Include file:  Drivers/CMSIS/Device/ST/STM32F4xx/Include/stm32f4xx.h
      Source file:   Drivers/CMSIS/Device/ST/STM32F4xx/Source/Templates/arm/startup_stm32f407xx.s
      Source file:   Drivers/CMSIS/Device/ST/STM32F4xx/Source/Templates/system_stm32f4xx.c
Build Time Elapsed:  00:00:01
</pre>
</body>
</html>
